// Jest Snapshot v1, https://goo.gl/fbAQLP

exports[`render <Filter /> correctly renders correctly 1`] = `
Object {
  "asFragment": [Function],
  "baseElement": <body>
    <div>
      <div
        class="filter"
      >
        <div
          class="input input--group"
        >
          <input
            class="input-control"
            placeholder="Search"
            type="text"
            value=""
          />
          <button
            class="btn btn--primary"
          >
            Search
          </button>
        </div>
        <select
          class="input-control"
        >
          <option
            disabled=""
            value=""
          >
            Select Gender
          </option>
          <option
            value="all"
          >
            All
          </option>
          <option
            value="male"
          >
            Male
          </option>
          <option
            value="female"
          >
            Female
          </option>
        </select>
        <button
          class="btn btn--outline-dark"
        >
          Reset Filter
        </button>
      </div>
    </div>
  </body>,
  "container": <div>
    <div
      class="filter"
    >
      <div
        class="input input--group"
      >
        <input
          class="input-control"
          placeholder="Search"
          type="text"
          value=""
        />
        <button
          class="btn btn--primary"
        >
          Search
        </button>
      </div>
      <select
        class="input-control"
      >
        <option
          disabled=""
          value=""
        >
          Select Gender
        </option>
        <option
          value="all"
        >
          All
        </option>
        <option
          value="male"
        >
          Male
        </option>
        <option
          value="female"
        >
          Female
        </option>
      </select>
      <button
        class="btn btn--outline-dark"
      >
        Reset Filter
      </button>
    </div>
  </div>,
  "debug": [Function],
  "findAllByAltText": [Function],
  "findAllByDisplayValue": [Function],
  "findAllByLabelText": [Function],
  "findAllByPlaceholderText": [Function],
  "findAllByRole": [Function],
  "findAllByTestId": [Function],
  "findAllByText": [Function],
  "findAllByTitle": [Function],
  "findByAltText": [Function],
  "findByDisplayValue": [Function],
  "findByLabelText": [Function],
  "findByPlaceholderText": [Function],
  "findByRole": [Function],
  "findByTestId": [Function],
  "findByText": [Function],
  "findByTitle": [Function],
  "getAllByAltText": [Function],
  "getAllByDisplayValue": [Function],
  "getAllByLabelText": [Function],
  "getAllByPlaceholderText": [Function],
  "getAllByRole": [Function],
  "getAllByTestId": [Function],
  "getAllByText": [Function],
  "getAllByTitle": [Function],
  "getByAltText": [Function],
  "getByDisplayValue": [Function],
  "getByLabelText": [Function],
  "getByPlaceholderText": [Function],
  "getByRole": [Function],
  "getByTestId": [Function],
  "getByText": [Function],
  "getByTitle": [Function],
  "queryAllByAltText": [Function],
  "queryAllByDisplayValue": [Function],
  "queryAllByLabelText": [Function],
  "queryAllByPlaceholderText": [Function],
  "queryAllByRole": [Function],
  "queryAllByTestId": [Function],
  "queryAllByText": [Function],
  "queryAllByTitle": [Function],
  "queryByAltText": [Function],
  "queryByDisplayValue": [Function],
  "queryByLabelText": [Function],
  "queryByPlaceholderText": [Function],
  "queryByRole": [Function],
  "queryByTestId": [Function],
  "queryByText": [Function],
  "queryByTitle": [Function],
  "rerender": [Function],
  "unmount": [Function],
}
`;
