// Jest Snapshot v1, https://goo.gl/fbAQLP

exports[`render <App /> correctly 1`] = `
Object {
  "asFragment": [Function],
  "baseElement": <body>
    <div>
      <div
        class="layout"
      >
        <div
          class="header"
        >
          <h1
            class="header__title"
          >
            Example with search and filter
          </h1>
        </div>
        <div
          class="filter"
        >
          <div
            class="input input--group"
          >
            <input
              class="input-control"
              placeholder="Search"
              type="text"
              value=""
            />
            <button
              class="btn btn--primary"
            >
              Search
            </button>
          </div>
          <select
            class="input-control"
          >
            <option
              disabled=""
              value=""
            >
              Select Gender
            </option>
            <option
              value="all"
            >
              All
            </option>
            <option
              value="male"
            >
              Male
            </option>
            <option
              value="female"
            >
              Female
            </option>
          </select>
          <button
            class="btn btn--outline-dark"
          >
            Reset Filter
          </button>
        </div>
        <table
          class="table"
        >
          <thead>
            <tr>
              <th>
                Username  
              </th>
              <th>
                Name  
              </th>
              <th>
                Email  
              </th>
              <th>
                Gender  
              </th>
              <th>
                Registered Date  
              </th>
            </tr>
          </thead>
          <tbody>
            <tr>
              <td
                colspan="5"
              >
                <span
                  class="table__info"
                >
                  ⏳ Loading...
                </span>
              </td>
            </tr>
          </tbody>
        </table>
        <div
          class="pagination"
        >
          <button
            class="btn btn--outline-primary"
            disabled=""
          >
            Previous
          </button>
          <button
            class="btn btn--outline-primary"
            disabled=""
          >
            Next
          </button>
        </div>
      </div>
    </div>
  </body>,
  "container": <div>
    <div
      class="layout"
    >
      <div
        class="header"
      >
        <h1
          class="header__title"
        >
          Example with search and filter
        </h1>
      </div>
      <div
        class="filter"
      >
        <div
          class="input input--group"
        >
          <input
            class="input-control"
            placeholder="Search"
            type="text"
            value=""
          />
          <button
            class="btn btn--primary"
          >
            Search
          </button>
        </div>
        <select
          class="input-control"
        >
          <option
            disabled=""
            value=""
          >
            Select Gender
          </option>
          <option
            value="all"
          >
            All
          </option>
          <option
            value="male"
          >
            Male
          </option>
          <option
            value="female"
          >
            Female
          </option>
        </select>
        <button
          class="btn btn--outline-dark"
        >
          Reset Filter
        </button>
      </div>
      <table
        class="table"
      >
        <thead>
          <tr>
            <th>
              Username  
            </th>
            <th>
              Name  
            </th>
            <th>
              Email  
            </th>
            <th>
              Gender  
            </th>
            <th>
              Registered Date  
            </th>
          </tr>
        </thead>
        <tbody>
          <tr>
            <td
              colspan="5"
            >
              <span
                class="table__info"
              >
                ⏳ Loading...
              </span>
            </td>
          </tr>
        </tbody>
      </table>
      <div
        class="pagination"
      >
        <button
          class="btn btn--outline-primary"
          disabled=""
        >
          Previous
        </button>
        <button
          class="btn btn--outline-primary"
          disabled=""
        >
          Next
        </button>
      </div>
    </div>
  </div>,
  "debug": [Function],
  "findAllByAltText": [Function],
  "findAllByDisplayValue": [Function],
  "findAllByLabelText": [Function],
  "findAllByPlaceholderText": [Function],
  "findAllByRole": [Function],
  "findAllByTestId": [Function],
  "findAllByText": [Function],
  "findAllByTitle": [Function],
  "findByAltText": [Function],
  "findByDisplayValue": [Function],
  "findByLabelText": [Function],
  "findByPlaceholderText": [Function],
  "findByRole": [Function],
  "findByTestId": [Function],
  "findByText": [Function],
  "findByTitle": [Function],
  "getAllByAltText": [Function],
  "getAllByDisplayValue": [Function],
  "getAllByLabelText": [Function],
  "getAllByPlaceholderText": [Function],
  "getAllByRole": [Function],
  "getAllByTestId": [Function],
  "getAllByText": [Function],
  "getAllByTitle": [Function],
  "getByAltText": [Function],
  "getByDisplayValue": [Function],
  "getByLabelText": [Function],
  "getByPlaceholderText": [Function],
  "getByRole": [Function],
  "getByTestId": [Function],
  "getByText": [Function],
  "getByTitle": [Function],
  "queryAllByAltText": [Function],
  "queryAllByDisplayValue": [Function],
  "queryAllByLabelText": [Function],
  "queryAllByPlaceholderText": [Function],
  "queryAllByRole": [Function],
  "queryAllByTestId": [Function],
  "queryAllByText": [Function],
  "queryAllByTitle": [Function],
  "queryByAltText": [Function],
  "queryByDisplayValue": [Function],
  "queryByLabelText": [Function],
  "queryByPlaceholderText": [Function],
  "queryByRole": [Function],
  "queryByTestId": [Function],
  "queryByText": [Function],
  "queryByTitle": [Function],
  "rerender": [Function],
  "store": Object {
    "@@observable": [Function],
    "dispatch": [Function],
    "getState": [Function],
    "replaceReducer": [Function],
    "subscribe": [Function],
  },
  "unmount": [Function],
}
`;

exports[`renders learn react link 1`] = `
Object {
  "asFragment": [Function],
  "baseElement": <body>
    <div>
      <div
        class="layout"
      >
        <div
          class="header"
        >
          <h1
            class="header__title"
          >
            Example with search and filter
          </h1>
        </div>
        <div
          class="filter"
        >
          <div
            class="input input--group"
          >
            <input
              class="input-control"
              placeholder="Search"
              type="text"
              value=""
            />
            <button
              class="btn btn--primary"
            >
              Search
            </button>
          </div>
          <select
            class="input-control"
          >
            <option
              disabled=""
              value=""
            >
              Select Gender
            </option>
            <option
              value="all"
            >
              All
            </option>
            <option
              value="male"
            >
              Male
            </option>
            <option
              value="female"
            >
              Female
            </option>
          </select>
          <button
            class="btn btn--outline-dark"
          >
            Reset Filter
          </button>
        </div>
        <table
          class="table"
        >
          <thead>
            <tr>
              <th>
                Username  
              </th>
              <th>
                Name  
              </th>
              <th>
                Email  
              </th>
              <th>
                Gender  
              </th>
              <th>
                Registered Date  
              </th>
            </tr>
          </thead>
          <tbody>
            <tr>
              <td
                colspan="5"
              >
                <span
                  class="table__info"
                >
                  ⏳ Loading...
                </span>
              </td>
            </tr>
          </tbody>
        </table>
        <div
          class="pagination"
        >
          <button
            class="btn btn--outline-primary"
            disabled=""
          >
            Previous
          </button>
          <button
            class="btn btn--outline-primary"
            disabled=""
          >
            Next
          </button>
        </div>
      </div>
    </div>
  </body>,
  "container": <div>
    <div
      class="layout"
    >
      <div
        class="header"
      >
        <h1
          class="header__title"
        >
          Example with search and filter
        </h1>
      </div>
      <div
        class="filter"
      >
        <div
          class="input input--group"
        >
          <input
            class="input-control"
            placeholder="Search"
            type="text"
            value=""
          />
          <button
            class="btn btn--primary"
          >
            Search
          </button>
        </div>
        <select
          class="input-control"
        >
          <option
            disabled=""
            value=""
          >
            Select Gender
          </option>
          <option
            value="all"
          >
            All
          </option>
          <option
            value="male"
          >
            Male
          </option>
          <option
            value="female"
          >
            Female
          </option>
        </select>
        <button
          class="btn btn--outline-dark"
        >
          Reset Filter
        </button>
      </div>
      <table
        class="table"
      >
        <thead>
          <tr>
            <th>
              Username  
            </th>
            <th>
              Name  
            </th>
            <th>
              Email  
            </th>
            <th>
              Gender  
            </th>
            <th>
              Registered Date  
            </th>
          </tr>
        </thead>
        <tbody>
          <tr>
            <td
              colspan="5"
            >
              <span
                class="table__info"
              >
                ⏳ Loading...
              </span>
            </td>
          </tr>
        </tbody>
      </table>
      <div
        class="pagination"
      >
        <button
          class="btn btn--outline-primary"
          disabled=""
        >
          Previous
        </button>
        <button
          class="btn btn--outline-primary"
          disabled=""
        >
          Next
        </button>
      </div>
    </div>
  </div>,
  "debug": [Function],
  "findAllByAltText": [Function],
  "findAllByDisplayValue": [Function],
  "findAllByLabelText": [Function],
  "findAllByPlaceholderText": [Function],
  "findAllByRole": [Function],
  "findAllByTestId": [Function],
  "findAllByText": [Function],
  "findAllByTitle": [Function],
  "findByAltText": [Function],
  "findByDisplayValue": [Function],
  "findByLabelText": [Function],
  "findByPlaceholderText": [Function],
  "findByRole": [Function],
  "findByTestId": [Function],
  "findByText": [Function],
  "findByTitle": [Function],
  "getAllByAltText": [Function],
  "getAllByDisplayValue": [Function],
  "getAllByLabelText": [Function],
  "getAllByPlaceholderText": [Function],
  "getAllByRole": [Function],
  "getAllByTestId": [Function],
  "getAllByText": [Function],
  "getAllByTitle": [Function],
  "getByAltText": [Function],
  "getByDisplayValue": [Function],
  "getByLabelText": [Function],
  "getByPlaceholderText": [Function],
  "getByRole": [Function],
  "getByTestId": [Function],
  "getByText": [Function],
  "getByTitle": [Function],
  "queryAllByAltText": [Function],
  "queryAllByDisplayValue": [Function],
  "queryAllByLabelText": [Function],
  "queryAllByPlaceholderText": [Function],
  "queryAllByRole": [Function],
  "queryAllByTestId": [Function],
  "queryAllByText": [Function],
  "queryAllByTitle": [Function],
  "queryByAltText": [Function],
  "queryByDisplayValue": [Function],
  "queryByLabelText": [Function],
  "queryByPlaceholderText": [Function],
  "queryByRole": [Function],
  "queryByTestId": [Function],
  "queryByText": [Function],
  "queryByTitle": [Function],
  "rerender": [Function],
  "store": Object {
    "@@observable": [Function],
    "dispatch": [Function],
    "getState": [Function],
    "replaceReducer": [Function],
    "subscribe": [Function],
  },
  "unmount": [Function],
}
`;
